// Jest Snapshot v1, https://goo.gl/fbAQLP

exports[`<MenuLink /> should match snapshot 1`] = `
.c0 {
  display: block;
  font-size: 1.6rem;
  padding: 1.6rem;
  color: #0A1128;
  position: relative;
}

.c0::after {
  content: '';
  position: absolute;
  bottom: 0.78rem;
  height: 0.2rem;
  background: #dc143c;
  width: 0;
  left: 50%;
  -webkit-transition: all 0.2s ease-in-out;
  transition: all 0.2s ease-in-out;
}

.c0:hover::after {
  width: 50%;
  left: 25%;
}

<a
  class="c0"
  href="https://localhost"
  target="_self"
>
  MenuLinkText
</a>
`;
